#
# trace11.txt - Forward SIGINT to every process in foreground process group
#
tsh> ./apps/mysplit 4
Job [1] (61029) terminated by signal 2
tsh> /bin/ps -ao stat,comm
STAT COMMAND
S+   bash
S+   sh
S+   sh
Sl+  node
Sl+  node
Sl+  node
Sl+  node
Sl+  cpptools
Sl+  cpptools-srv
S+   python3
S+   sdriver.pl
S+   tsh_ref
R    ps
